
> golf-project@0.1.0 build
> next build

Γû▓ Next.js 16.2.1 (Turbopack)

node.exe : ΓÜá The "middleware" file 
convention is deprecated. Please use "proxy" 
instead. Learn more: https://nextjs.org/docs/
messages/middleware-to-proxy
At C:\Program Files\nodejs\npm.ps1:29 char:3
+   & $NODE_EXE $NPM_CLI_JS $args
+   ~~~~~~~~~~~~~~~~~~~~~~~~~~~~~
    + CategoryInfo          : NotSpecified:  
   (ΓÜá The "middle...leware-to-proxy:Strin  
  g) [], RemoteException
    + FullyQualifiedErrorId : NativeCommandE 
   rror
 
  Creating an optimized production build ...
Γ£ô Compiled successfully in 4.2s
  Running TypeScript ...
Failed to type check.

./src/app/dashboard/page.tsx:96:27
Type error: Type '{ children: Element; 
asChild: true; className: string; }' is not 
assignable to type 'IntrinsicAttributes & 
ButtonProps & VariantProps<(props?: 
(ConfigVariants<{ variant: { default: 
string; outline: string; secondary: string; 
ghost: string; destructive: string; link: 
string; }; size: { ...; }; }> & ClassProp) | 
undefined) => string>'.
  Property 'asChild' does not exist on type 
'IntrinsicAttributes & ButtonProps & 
VariantProps<(props?: (ConfigVariants<{ 
variant: { default: string; outline: string; 
secondary: string; ghost: string; 
destructive: string; link: string; }; size: 
{ ...; }; }> & ClassProp) | undefined) => 
string>'.

  [90m94 |[0m                   </form>
  [90m95 |[0m                 ) : (
[31m[1m>[0m [90m96 |[0m                 
  <[33mButton[0m asChild 
className=[32m"w-full btn-primary-gradient 
gap-2 h-11 shadow...[0m
  [90m   |[0m                           
[31m[1m^[0m
  [90m97 |[0m                     
<[33mLink[0m 
href=[32m"/dashboard/subscribe"[0m>
  [90m98 |[0m                       
<[33mShoppingCart[0m className=[32m"h-4 
w-4"[0m />
  [90m99 |[0m                       
[33mGet[0m [33mStarted[0m - 
[33mExplore[0m [33mPlans[0m
Next.js build worker exited with code: 1 and 
signal: null
