node.exe : npm warn "ascii" is being parsed 
as a normal command line argument.
At C:\Program Files\nodejs\npm.ps1:29 char:3
+   & $NODE_EXE $NPM_CLI_JS $args
+   ~~~~~~~~~~~~~~~~~~~~~~~~~~~~~
    + CategoryInfo          : NotSpecified:  
   (npm warn "ascii... line argument.:Strin  
  g) [], RemoteException
    + FullyQualifiedErrorId : NativeCommandE 
   rror
 
npm warn Unknown cli config "--Encoding". 
This will stop working in the next major 
version of npm.

> golf-project@0.1.0 build
> next build ascii

Invalid project directory provided, no such 
directory: D:\NextJs\GolfProject\ascii
